{
    "ok": true,
    "sessions_processed": 0,
    "level_0_to_1": 0,
    "level_1_to_2": 0,
    "level_2_to_3": 0,
    "synced_primordial": 0,
    "extracted_knowledge": 0,
    "errors": [],
    "duration_ms": 47,
    "message": "No hay sesiones que necesiten compresión (Recuerda: se requieren más de 5 bloques level_0 para activar la compresión y guardar los últimos 5 en crudo)."
}
{
    "ok": true,
    "sessions_processed": 0,
    "level_0_to_1": 0,
    "level_1_to_2": 0,
    "level_2_to_3": 0,
    "synced_primordial": 0,
    "extracted_knowledge": 0,
    "errors": [],
    "duration_ms": 56,
    "message": "No hay sesiones que necesiten compresión (Recuerda: se requieren más de 5 bloques level_0 para activar la compresión y guardar los últimos 5 en crudo)."
}
{
    "ok": true,
    "sessions_processed": 0,
    "level_0_to_1": 0,
    "level_1_to_2": 0,
    "level_2_to_3": 0,
    "synced_primordial": 0,
    "extracted_knowledge": 0,
    "errors": [],
    "duration_ms": 52,
    "message": "No hay sesiones que necesiten compresión (Recuerda: se requieren más de 5 bloques level_0 para activar la compresión y guardar los últimos 5 en crudo)."
}
{
    "ok": true,
    "sessions_processed": 0,
    "level_0_to_1": 0,
    "level_1_to_2": 0,
    "level_2_to_3": 0,
    "synced_primordial": 0,
    "extracted_knowledge": 0,
    "errors": [],
    "duration_ms": 3838
}
{
    "ok": true,
    "sessions_processed": 0,
    "level_0_to_1": 1,
    "level_1_to_2": 0,
    "level_2_to_3": 0,
    "synced_primordial": 0,
    "extracted_knowledge": 0,
    "errors": [],
    "duration_ms": 4215
}
{
    "ok": true,
    "sessions_processed": 0,
    "level_0_to_1": 0,
    "level_1_to_2": 0,
    "level_2_to_3": 0,
    "synced_primordial": 0,
    "extracted_knowledge": 0,
    "errors": [],
    "duration_ms": 57
}
{
    "ok": true,
    "sessions_processed": 0,
    "level_0_to_1": 0,
    "level_1_to_2": 0,
    "level_2_to_3": 0,
    "synced_primordial": 0,
    "extracted_knowledge": 0,
    "errors": [],
    "duration_ms": 55
}
{
    "ok": true,
    "sessions_processed": 0,
    "level_0_to_1": 0,
    "level_1_to_2": 0,
    "level_2_to_3": 0,
    "synced_primordial": 0,
    "extracted_knowledge": 0,
    "errors": [],
    "duration_ms": 42
}
{
    "ok": true,
    "sessions_processed": 0,
    "level_0_to_1": 0,
    "level_1_to_2": 0,
    "level_2_to_3": 0,
    "synced_primordial": 0,
    "extracted_knowledge": 0,
    "errors": [],
    "duration_ms": 64
}
{
    "ok": true,
    "sessions_processed": 0,
    "level_0_to_1": 0,
    "level_1_to_2": 0,
    "level_2_to_3": 0,
    "synced_primordial": 0,
    "extracted_knowledge": 0,
    "errors": [],
    "duration_ms": 178
}
